[33m>[39m Building...
[32m√[39m Building...
[1mInitial chunk files[22m[2m | [22m[1mNames[22m               [2m | [22m [1mRaw size[22m
[32mstyles.css[39m         [2m | [22m[2mstyles[22m              [2m | [22m [36m38.86 kB[39m[2m | [22m
[32mmain.js[39m            [2m | [22m[2mmain[22m                [2m | [22m [36m17.28 kB[39m[2m | [22m
[32mchunk-3CYVXLTX.js[39m  [2m | [22m[2m-[22m                   [2m | [22m  [36m2.47 kB[39m[2m | [22m
[32mchunk-6U7T3BZN.js[39m  [2m | [22m[2m-[22m                   [2m | [22m  [36m2.29 kB[39m[2m | [22m
[32mchunk-UT6NRV6V.js[39m  [2m | [22m[2m-[22m                   [2m | [22m  [36m2.15 kB[39m[2m | [22m
[32mchunk-UCMOCWR6.js[39m  [2m | [22m[2m-[22m                   [2m | [22m  [36m1.30 kB[39m[2m | [22m
[32mchunk-DPTRMAED.js[39m  [2m | [22m[2m-[22m                   [2m | [22m[36m666 bytes[39m[2m | [22m
[32mpolyfills.js[39m       [2m | [22m[2mpolyfills[22m           [2m | [22m [36m95 bytes[39m[2m | [22m

[1m [22m                  [2m | [22m[1mInitial total[22m       [2m | [22m [1m65.11 kB[22m

[1mLazy chunk files[22m   [2m | [22m[1mNames[22m               [2m | [22m [1mRaw size[22m
[32mchunk-BP2XV37U.js[39m  [2m | [22m[2mschedule-component[22m  [2m | [22m [36m97.76 kB[39m[2m | [22m
[32mchunk-X6MKJDFY.js[39m  [2m | [22m[2musers-component[22m     [2m | [22m [36m31.21 kB[39m[2m | [22m
[32mchunk-IKE2XF7G.js[39m  [2m | [22m[2mhome-component[22m      [2m | [22m [36m26.09 kB[39m[2m | [22m
[32mchunk-VMYKHDGT.js[39m  [2m | [22m[2mrollover-component[22m  [2m | [22m [36m18.22 kB[39m[2m | [22m
[32mchunk-IAZGZ5C4.js[39m  [2m | [22m[2mcompliance-component[22m[2m | [22m [36m12.70 kB[39m[2m | [22m
[32mchunk-63WWVS6V.js[39m  [2m | [22m[2malerts-component[22m    [2m | [22m [36m10.36 kB[39m[2m | [22m
[32mchunk-WA5ADNGY.js[39m  [2m | [22m[2mlogin-component[22m     [2m | [22m  [36m8.52 kB[39m[2m | [22m
[32mchunk-GNBX6B3G.js[39m  [2m | [22m[2m-[22m                   [2m | [22m  [36m3.57 kB[39m[2m | [22m
[32mchunk-QL634LM2.js[39m  [2m | [22m[2m-[22m                   [2m | [22m  [36m1.54 kB[39m[2m | [22m

Application bundle generation complete. [22.057 seconds] - 2026-05-17T04:27:43.608Z

Watch mode enabled. Watching for file changes...
NOTE: Raw file sizes do not reflect development server per-request transformations.
  [32m➜[39m  [1mLocal[22m:   [36mhttp://localhost:[1m4200[22m/[39m
